\BOOKMARK [1][-]{section.1}{Notas\040sobre\040los\040papers}{}% 1
\BOOKMARK [2][-]{subsection.1.1}{GAP-1998\040Auger\040project\040technical\040note.\040Asymmetry\040of\040Air\040Showers\040at\040Ground\040Level\040paper1998}{section.1}% 2
\BOOKMARK [2][-]{subsection.1.2}{GAP-2002\040Towards\040Parametrization\040of\040the\040Lateral\040Distribution\040Function\040and\040its\040Asymmetries\040in\040the\040Surface\040Detectorpaper2002}{section.1}% 3
\BOOKMARK [2][-]{subsection.1.3}{GAP-2022\040Extensive\040air\040shower\040asymmetry\040and\040cosmic\040ray\040mass\040composition\040with\040the\040upgraded\040Pierre\040Auger\040Observatorytesisbradfield}{section.1}% 4
\BOOKMARK [1][-]{section.2}{Trabajo\040-\040An\341lisis\040de\040datos\040y\040Programaci\363n}{}% 5
\BOOKMARK [1][-]{section.3}{An\341lisis\040Global\040y\040Factores\040de\040M\351rito}{}% 6
\BOOKMARK [2][-]{subsection.3.1}{Evoluci\363n\040Global\040de\040la\040Asimetr\355a}{section.3}% 7
\BOOKMARK [2][-]{subsection.3.2}{Sensibilidad\040a\040la\040Composici\363n:\040Factor\040de\040M\351rito\040\(MF\)}{section.3}% 8
\BOOKMARK [2][-]{subsection.3.3}{Incertidumbre\040Sistem\341tica\040de\040los\040Modelos\040Hadr\363nicos}{section.3}% 9
\BOOKMARK [2][-]{subsection.3.4}{Verificaci\363n\040de\040Invarianzas\040F\355sicas}{section.3}% 10
\BOOKMARK [1][-]{section.4}{Planificaci\363n\040de\040Charla:\040Asimetr\355as\040Azimutales\040en\040UMD}{}% 11
\BOOKMARK [2][-]{subsection.4.1}{Objetivo\040General}{section.4}% 12
\BOOKMARK [2][-]{subsection.4.2}{Estructura\040Narrativa\040de\040la\040Presentaci\363n}{section.4}% 13
\BOOKMARK [3][-]{subsubsection.4.2.1}{\376\377\000I\000n\000t\000r\000o\000d\000u\000c\000c\000i\000\363\000n\000\040\000y\000\040\000D\000e\000f\000i\000n\000i\000c\000i\000\363\000n\000\040\000\050\0003\000\040\000S\000l\000i\000d\000e\000s\000\040\041\222\000\040\000l\000o\000s\000\040\000d\000o\000s\000\040\000p\000l\000o\000t\000s\000\040\000d\000e\000\040\000e\000n\000e\000r\000g\000\355\000a\000\040\000e\000n\000\040\000u\000n\000a\000\040\000h\000o\000j\000a\000\051}{subsection.4.2}% 14
\BOOKMARK [3][-]{subsubsection.4.2.2}{\376\377\000L\000a\000\040\000V\000a\000l\000i\000d\000a\000c\000i\000\363\000n\000\040\000G\000e\000o\000m\000\351\000t\000r\000i\000c\000a\000:\000\040\000'\000'\000E\000l\000\040\000F\000i\000x\000\040\000d\000e\000\040\000E\000u\000l\000e\000r\000'\000'\000\040\000\050\0003\000\040\000S\000l\000i\000d\000e\000s\000\040\041\222\000\040\0003\000\040\000p\000l\000o\000t\000s\000\040\000d\000e\000\040\000E\000u\000l\000e\000r\000,\000\040\000u\000n\000o\000\040\000e\000n\000\040\000c\000a\000d\000a\000\040\000h\000o\000j\000a\000\051}{subsection.4.2}% 15
\BOOKMARK [3][-]{subsubsection.4.2.3}{\376\377\000M\000e\000t\000o\000d\000o\000l\000o\000g\000\355\000a\000\040\000d\000e\000\040\000A\000j\000u\000s\000t\000e\000\040\000d\000e\000l\000\040\000p\000a\000r\000\341\000m\000e\000t\000r\000o\000\040\000d\000e\000\040\000a\000s\000i\000m\000e\000t\000r\000\355\000a\000\040\000A\0001\000\040\000\050\0004\000\040\000S\000l\000i\000d\000e\000s\000\040\041\222\000\040\000l\000o\000s\000\040\0004\000\040\000p\000l\000o\000t\000s\000,\000\040\000u\000n\000o\000\040\000p\000o\000r\000\040\000h\000o\000j\000a\000\051}{subsection.4.2}% 16
\BOOKMARK [3][-]{subsubsection.4.2.4}{\376\377\000R\000o\000b\000u\000s\000t\000e\000z\000\040\000y\000\040\000S\000i\000s\000t\000e\000m\000\341\000t\000i\000c\000o\000s\000\040\000\050\0002\000\040\000S\000l\000i\000d\000e\000s\000\040\041\222\000\040\000l\000o\000s\000\040\000d\000o\000s\000\040\000p\000l\000o\000t\000s\000\040\000d\000e\000\040\000l\000a\000\040\000s\000e\000c\000c\000i\000\363\000n\000\040\0008\000\051}{subsection.4.2}% 17
\BOOKMARK [3][-]{subsubsection.4.2.5}{\376\377\000F\000\355\000s\000i\000c\000a\000\040\000d\000e\000\040\000A\000l\000t\000o\000\040\000N\000i\000v\000e\000l\000:\000\040\000E\000l\000\040\000"\000M\000o\000n\000e\000y\000\040\000P\000l\000o\000t\000"\000\050\0003\000\040\000S\000l\000i\000d\000e\000s\000\040\041\222\000\040\000d\000o\000s\000\040\000p\000l\000o\000t\000s\000\040\000p\000a\000r\000a\000\040\000d\000i\000s\000c\000r\000i\000m\000i\000n\000a\000c\000i\000\363\000n\000\040\000d\000e\000\040\000m\000a\000s\000a\000\040\000y\000\040\000u\000n\000o\000\040\000d\000e\000\040\000m\000o\000d\000e\000l\000o\000s\000\051}{subsection.4.2}% 18
\BOOKMARK [1][-]{section.5}{Bilbliografia}{}% 19
\BOOKMARK [1][-]{section.5}{Referencias}{}% 20
